[36mvite v8.0.10 [32mbuilding ssr environment for production...[36m[39m
[2Ktransforming...✓ 274 modules transformed.
rendering chunks...
